// Jest Snapshot v1, https://goo.gl/fbAQLP

exports[`<Slot /> spec Should match snapshot 1`] = `
.emotion-0 {
  background-color: var(--ghostWhite);
  display: -webkit-box;
  display: -webkit-flex;
  display: -ms-flexbox;
  display: flex;
  -webkit-box-pack: center;
  -ms-flex-pack: center;
  -webkit-justify-content: center;
  justify-content: center;
  text-transform: uppercase;
  font-size: 1.4rem;
  position: relative;
  z-index: var(--headerLevel);
}

.emotion-1 {
  padding: 0.5rem;
}

<div>
  <div
    class="emotion-0"
  >
    <div
      class="emotion-1"
    >
      common:slot-0
    </div>
  </div>
</div>
`;
