// Jest Snapshot v1, https://goo.gl/fbAQLP

exports[`<Footer /> spec Should match snapshot 1`] = `
<DocumentFragment>
  .emotion-0 {
  background-color: var(--ghostWhite);
}

.emotion-1 {
  max-width: 140rem;
  margin: 0 auto;
  padding: 4rem;
  display: grid;
  grid-template-columns: 1fr 1fr 1fr 1fr;
  grid-gap: 2rem;
}

.emotion-2 h4 {
  font-weight: 400;
  line-height: 3rem;
}

<footer
    class="emotion-0"
    data-testid="footer"
  >
    <div
      class="emotion-1"
    >
      <div
        class="emotion-2"
      >
        <div>
          <h4>
            Quem Somos
          </h4>
        </div>
        <div>
          <h4>
            Políticas de Privacidade
          </h4>
        </div>
        <div>
          <h4>
            Políticas de Devolução e Reembolso
          </h4>
        </div>
        <div>
          <h4>
            Trocas e Devoluções
          </h4>
        </div>
        <div>
          <h4>
            Dúvidas Frequentes
          </h4>
        </div>
      </div>
      <div
        class="emotion-2"
      >
        <h3>
          Contactos
        </h3>
      </div>
      <div
        class="emotion-2"
      >
        <h3>
          Métodos de Pagamento
        </h3>
      </div>
      <div
        class="emotion-2"
      >
        <h3>
          Newsletter
        </h3>
      </div>
    </div>
  </footer>
</DocumentFragment>
`;
