// Jest Snapshot v1, https://goo.gl/fbAQLP

exports[`<CartItem /> spec Should match snapshot 1`] = `
.emotion-0 {
  display: grid;
  grid-template-columns: auto 10rem auto auto auto;
  grid-gap: 2rem;
  -webkit-align-items: center;
  -webkit-box-align: center;
  -ms-flex-align: center;
  align-items: center;
  margin-bottom: 1rem;
}

.emotion-1 img {
  border-radius: 0.5rem;
}

.emotion-2 span {
  font-size: var(--heading-5);
}

<div>
  <div
    class="emotion-0"
  >
    <div
      class="emotion-1"
    >
      <div
        style="display: inline-block; max-width: 100%; overflow: hidden; position: relative; box-sizing: border-box; margin: 0px;"
      >
        <div
          style="box-sizing: border-box; display: block; max-width: 100%;"
        >
          <img
            alt=""
            aria-hidden="true"
            src="data:image/svg+xml;base64,PHN2ZyB3aWR0aD0iNTAiIGhlaWdodD0iNTAiIHhtbG5zPSJodHRwOi8vd3d3LnczLm9yZy8yMDAwL3N2ZyIgdmVyc2lvbj0iMS4xIi8+"
            style="max-width: 100%; display: block; margin: 0px; padding: 0px;"
          />
        </div>
        <img
          alt=""
          data-nimg="intrinsic"
          decoding="async"
          src="data:image/gif;base64,R0lGODlhAQABAIAAAAAAAP///yH5BAEAAAAALAAAAAABAAEAAAIBRAA7"
          style="position: absolute; top: 0px; left: 0px; bottom: 0px; right: 0px; box-sizing: border-box; padding: 0px; margin: auto; display: block; width: 0px; height: 0px; min-width: 100%; max-width: 100%; min-height: 100%; max-height: 100%;"
        />
        <noscript />
      </div>
    </div>
    <div
      class="emotion-2"
    >
      <div>
        <span>
          T-Shirt
        </span>
        <div>
          Ramones
        </div>
      </div>
    </div>
    <div>
      2
    </div>
    <div>
      M
    </div>
    <div>
      40
       â‚¬
    </div>
  </div>
</div>
`;
